
> ecommerce-backend@1.0.0 test
> jest --detectOpenHandles --forceExit

  console.log
    ­ƒÜÇ Iniciando servidor E-commerce Backend...

      at log (server.js:186:13)

  console.log
    ­ƒôí Conectando a MySQL...

      at log (server.js:189:13)

  console.log
    Ô£à Conexi├│n a MySQL establecida correctamente.

      at log (config/database.js:74:13)

  console.log
    
    ­ƒôè Sincronizando modelos con la base de datos...

      at log (server.js:200:13)

  console.log
    ­ƒöù Asociaciones entre modelos establecidas correctamente

      at log (models/index.js:222:11)

  console.error
    Error en crearPedido: ValidationError [SequelizeValidationError]: notNull Violation: Pedido.telefono cannot be null
        at InstanceValidator._validate (C:\Users\LARAUSE\Desktop\Instructor Sena\2026\Trimestre 1\3206404 Articulacion\software\backend\node_modules\sequelize\src\instance-validator.js:78:13)
        at processTicksAndRejections (node:internal/process/task_queues:95:5)
        at InstanceValidator._validateAndRunHooks (C:\Users\LARAUSE\Desktop\Instructor Sena\2026\Trimestre 1\3206404 Articulacion\software\backend\node_modules\sequelize\src\instance-validator.js:111:7)
        at InstanceValidator.validate (C:\Users\LARAUSE\Desktop\Instructor Sena\2026\Trimestre 1\3206404 Articulacion\software\backend\node_modules\sequelize\src\instance-validator.js:93:12)
        at model.save (C:\Users\LARAUSE\Desktop\Instructor Sena\2026\Trimestre 1\3206404 Articulacion\software\backend\node_modules\sequelize\src\model.js:4077:7)
        at Function.create (C:\Users\LARAUSE\Desktop\Instructor Sena\2026\Trimestre 1\3206404 Articulacion\software\backend\node_modules\sequelize\src\model.js:2305:12)
        at crearPedido (C:\Users\LARAUSE\Desktop\Instructor Sena\2026\Trimestre 1\3206404 Articulacion\software\backend\controllers\pedido.controller.js:109:20) {
      errors: [
        ValidationErrorItem {
          message: 'Pedido.telefono cannot be null',
          type: 'notNull Violation',
          path: 'telefono',
          value: null,
          origin: 'CORE',
          instance: [Pedido],
          validatorKey: 'is_null',
          validatorName: null,
          validatorArgs: []
        }
      ]
    }

    [0m [90m 179 |[39m     [90m// Revertir transacci├│n en caso de error[39m
     [90m 180 |[39m     [36mawait[39m t[33m.[39mrollback()[33m;[39m
    [31m[1m>[22m[39m[90m 181 |[39m     console[33m.[39merror([32m'Error en crearPedido:'[39m[33m,[39m error)[33m;[39m
     [90m     |[39m             [31m[1m^[22m[39m
     [90m 182 |[39m     res[33m.[39mstatus([35m500[39m)[33m.[39mjson({
     [90m 183 |[39m       success[33m:[39m [36mfalse[39m[33m,[39m
     [90m 184 |[39m       message[33m:[39m [32m'Error al crear pedido'[39m[33m,[39m[0m

      at error (controllers/pedido.controller.js:181:13)

  console.log
    ­ƒöä Base de datos sincronizada (tablas alteradas seg├║n modelos).

      at log (config/database.js:98:15)

  console.log
    
    ­ƒî▒ Ejecutando seeders...

      at log (seeders/adminSeeder.js:30:13)

  console.log
    
    ­ƒî▒ ========================================

      at log (seeders/datosCompletos.seeder.js:28:13)

  console.log
       INICIANDO SEEDER DE DATOS COMPLETOS

      at log (seeders/datosCompletos.seeder.js:29:13)

  console.log
    ========================================

      at log (seeders/datosCompletos.seeder.js:30:13)

  console.log
    ­ƒæÑ 1. CREANDO USUARIOS...

      at log (seeders/datosCompletos.seeder.js:35:13)

  console.log
    Ô£à Administrador ya existe

      at log (seeders/datosCompletos.seeder.js:54:15)

  console.log
    Ô£à Auxiliar ya existe

      at log (seeders/datosCompletos.seeder.js:74:15)

  console.log
    ­ƒæñ Creando 5 clientes...

      at log (seeders/datosCompletos.seeder.js:78:13)

  console.log
    
    Ô£à Total: 9 usuarios en la base de datos

      at log (seeders/datosCompletos.seeder.js:97:13)

  console.log
    ­ƒôü 2. CREANDO CATEGOR├ìAS...

      at log (seeders/datosCompletos.seeder.js:102:13)

  console.log
    ÔÜá´©Å  Ya existen categor├¡as en la base de datos.

      at log (seeders/datosCompletos.seeder.js:107:15)

  console.log
    
    ­ƒÄë ========================================

      at log (seeders/datosCompletos.seeder.js:352:13)

  console.log
       SEEDER COMPLETADO EXITOSAMENTE

      at log (seeders/datosCompletos.seeder.js:353:13)

  console.log
    ========================================

      at log (seeders/datosCompletos.seeder.js:354:13)

  console.log
    ­ƒôè RESUMEN:

      at log (seeders/datosCompletos.seeder.js:361:13)

  console.log
       ­ƒæÑ Usuarios: 9

      at log (seeders/datosCompletos.seeder.js:362:13)

  console.log
       ­ƒôü Categor├¡as: 11

      at log (seeders/datosCompletos.seeder.js:363:13)

  console.log
       ­ƒôé Subcategor├¡as: 17

      at log (seeders/datosCompletos.seeder.js:364:13)

  console.log
       ­ƒôª Productos: 74

      at log (seeders/datosCompletos.seeder.js:365:13)

  console.log
    ­ƒöæ CREDENCIALES DE ACCESO:

      at log (seeders/datosCompletos.seeder.js:367:13)

  console.log
       ­ƒæ¿ÔÇì­ƒÆ╝ ADMINISTRADOR

      at log (seeders/datosCompletos.seeder.js:368:13)

  console.log
          Email: admin@ecommerce.com

      at log (seeders/datosCompletos.seeder.js:369:13)

  console.log
          Password: admin1234

      at log (seeders/datosCompletos.seeder.js:370:13)

  console.log
       ­ƒæñ AUXILIAR

      at log (seeders/datosCompletos.seeder.js:371:13)

  console.log
          Email: auxiliar@ecommerce.com

      at log (seeders/datosCompletos.seeder.js:372:13)

  console.log
          Password: aux123

      at log (seeders/datosCompletos.seeder.js:373:13)

  console.log
       ­ƒøì´©Å  CLIENTES (5)

      at log (seeders/datosCompletos.seeder.js:374:13)

  console.log
          Email: cliente1@ecommerce.com - Password: cliente1

      at log (seeders/datosCompletos.seeder.js:375:13)

  console.log
          Email: cliente2@ecommerce.com - Password: cliente2

      at log (seeders/datosCompletos.seeder.js:376:13)

  console.log
          Email: cliente3@ecommerce.com - Password: cliente3

      at log (seeders/datosCompletos.seeder.js:377:13)

  console.log
          Email: cliente4@ecommerce.com - Password: cliente4

      at log (seeders/datosCompletos.seeder.js:378:13)

  console.log
          Email: cliente5@ecommerce.com - Password: cliente5

      at log (seeders/datosCompletos.seeder.js:379:13)

  console.log
    ========================================

      at log (seeders/datosCompletos.seeder.js:381:13)

  console.log
    
    Ô£à Seeders ejecutados correctamente

      at log (seeders/adminSeeder.js:35:13)

  console.log
    
    ÔòöÔòÉÔòÉÔòÉÔòÉÔòÉÔòÉÔòÉÔòÉÔòÉÔòÉÔòÉÔòÉÔòÉÔòÉÔòÉÔòÉÔòÉÔòÉÔòÉÔòÉÔòÉÔòÉÔòÉÔòÉÔòÉÔòÉÔòÉÔòÉÔòÉÔòÉÔòÉÔòÉÔòÉÔòÉÔòÉÔòÉÔòÉÔòÉÔòÉÔòÉÔòÉÔòÉÔòÉÔòÉÔòÉÔòÉÔòÉÔòÉÔòù

      at Server.log (server.js:217:15)

  console.log
    Ôòæ  Ô£à Servidor corriendo en puerto 5000          Ôòæ

      at Server.log (server.js:218:15)

  console.log
    Ôòæ  ­ƒîÉ URL: http://localhost:5000                Ôòæ

      at Server.log (server.js:219:15)

  console.log
    Ôòæ  ­ƒôÜ Documentaci├│n API: http://localhost:5000  Ôòæ

      at Server.log (server.js:220:15)

  console.log
    Ôòæ  ­ƒùä´©Å  Base de datos: ecommerce_db        Ôòæ

      at Server.log (server.js:221:15)

  console.log
    Ôòæ  ­ƒöº Modo: test                     Ôòæ

      at Server.log (server.js:222:15)

  console.log
    ÔòÜÔòÉÔòÉÔòÉÔòÉÔòÉÔòÉÔòÉÔòÉÔòÉÔòÉÔòÉÔòÉÔòÉÔòÉÔòÉÔòÉÔòÉÔòÉÔòÉÔòÉÔòÉÔòÉÔòÉÔòÉÔòÉÔòÉÔòÉÔòÉÔòÉÔòÉÔòÉÔòÉÔòÉÔòÉÔòÉÔòÉÔòÉÔòÉÔòÉÔòÉÔòÉÔòÉÔòÉÔòÉÔòÉÔòÉÔòÉÔòÉÔòØ

      at Server.log (server.js:223:15)

  console.log
    ­ƒôØ Servidor listo para recibir peticiones...

      at Server.log (server.js:224:15)

  console.log
    ÔÜá´©Å Archivo no encontrado: producto-default.jpg

      at log (config/multer.js:119:15)

node.exe : FAIL tests/api.test.js
En C:\Program Files\nodejs\npm.ps1: 29 Carácter: 3
+   & $NODE_EXE $NPM_CLI_JS $args
+   ~~~~~~~~~~~~~~~~~~~~~~~~~~~~~
    + CategoryInfo          : NotSpecified: (FAIL tests/api.test.js:String) [], RemoteException
    + FullyQualifiedErrorId : NativeCommandError
 
  ­ƒº¬ TESTS DE API E-COMMERCE
    1´©ÅÔâú  AUTENTICACI├ôN
      ÔêÜ Ô£à Debe registrar un nuevo cliente (183 ms)
      ÔêÜ Ô£à Debe hacer login como administrador (90 ms)
      ÔêÜ Ô£à Debe hacer login como auxiliar (90 ms)
      ÔêÜ Ô£à Debe hacer login como cliente (85 ms)
      ÔêÜ ÔØî No debe hacer login con credenciales incorrectas (20 ms)
      ÔêÜ Ô£à Debe obtener el perfil del usuario autenticado (38 ms)
    2´©ÅÔâú  ADMIN - CATEGOR├ìAS
      ÔêÜ Ô£à Admin debe listar todas las categor├¡as (34 ms)
      ÔêÜ Ô£à Admin debe crear una categor├¡a (106 ms)
      ÔêÜ Ô£à Auxiliar debe poder crear una categor├¡a (38 ms)
      ├ù Ô£à Admin debe obtener una categor├¡a por ID (33 ms)
      ├ù Ô£à Admin debe actualizar una categor├¡a (26 ms)
      ÔêÜ ÔØî Cliente no debe poder crear categor├¡a (22 ms)
    3´©ÅÔâú  ADMIN - SUBCATEGOR├ìAS
      ÔêÜ Ô£à Admin debe listar todas las subcategor├¡as (57 ms)
      ÔêÜ Ô£à Admin debe crear una subcategor├¡a (47 ms)
      ├ù Ô£à Admin debe actualizar una subcategor├¡a (63 ms)
    4´©ÅÔâú  ADMIN - PRODUCTOS
      ÔêÜ Ô£à Admin debe listar todos los productos (37 ms)
      ├ù Ô£à Admin debe crear un producto (22 ms)
      ├ù Ô£à Admin debe obtener un producto por ID (31 ms)
      ÔêÜ Ô£à Admin debe actualizar un producto (32 ms)
      ├ù Ô£à Admin debe actualizar stock de producto (49 ms)
      ├ù Ô£à Admin debe activar/desactivar producto (27 ms)
    5´©ÅÔâú  ADMIN - USUARIOS
      ÔêÜ Ô£à Admin debe listar todos los usuarios (29 ms)
      ├ù Ô£à Admin debe obtener un usuario por ID (48 ms)
      ├ù Ô£à Admin debe crear un usuario (32 ms)
      ÔêÜ ÔØî Auxiliar NO debe poder crear usuarios (18 ms)
      ÔêÜ ÔØî Auxiliar NO debe poder actualizar usuarios (21 ms)
    6´©ÅÔâú  CLIENTE - CAT├üLOGO
      ÔêÜ Ô£à Cliente debe ver todas las categor├¡as (48 ms)
      ÔêÜ Ô£à Cliente debe ver subcategor├¡as por categor├¡a (50 ms)
      ÔêÜ Ô£à Cliente debe ver todos los productos (31 ms)
      ├ù Ô£à Cliente debe ver un producto espec├¡fico (16 ms)
    7´©ÅÔâú  CLIENTE - CARRITO
      ÔêÜ Ô£à Cliente debe agregar producto al carrito (43 ms)
      ├ù Ô£à Cliente debe ver su carrito (20 ms)
    8´©ÅÔâú  CLIENTE - PEDIDOS
      ├ù Ô£à Cliente debe crear un pedido desde el carrito (83 ms)
      ÔêÜ Ô£à Cliente debe ver sus pedidos (46 ms)
      ├ù Ô£à Cliente debe ver un pedido espec├¡fico (59 ms)
      ├ù Ô£à Cliente debe cancelar su pedido (54 ms)
    9´©ÅÔâú  ADMIN - GESTI├ôN DE PEDIDOS
      ÔêÜ Ô£à Admin debe ver todos los pedidos (56 ms)
      ├ù Ô£à Admin debe filtrar pedidos por estado (16 ms)
      ├ù Ô£à Admin debe obtener un pedido por ID (67 ms)
      ├ù Ô£à Admin debe actualizar estado de pedido (15 ms)
    ­ƒöÆ PERMISOS Y RESTRICCIONES
      ÔêÜ ÔØî Auxiliar NO debe poder eliminar categor├¡as (13 ms)
      ÔêÜ ÔØî Auxiliar NO debe poder eliminar subcategor├¡as (14 ms)
      ÔêÜ ÔØî Auxiliar NO debe poder eliminar productos (12 ms)
      ÔêÜ ÔØî Auxiliar NO debe poder eliminar usuarios (14 ms)
      ÔêÜ ÔØî Cliente no debe acceder a rutas de admin (16 ms)
      ÔêÜ ÔØî No autenticado no debe acceder a rutas protegidas (10 ms)
    ­ƒùæ´©Å  LIMPIEZA - ELIMINACIONES
      ÔêÜ Ô£à Admin debe eliminar producto (25 ms)
      ├ù Ô£à Admin debe eliminar subcategor├¡a (17 ms)
      ├ù Ô£à Admin debe eliminar categor├¡a (15 ms)

  ÔùÅ ­ƒº¬ TESTS DE API E-COMMERCE ÔÇ║ 2´©ÅÔâú  ADMIN - CATEGOR├ìAS ÔÇ║ Ô£à Admin debe obtener una categor├¡a por ID

    expect(received).toHaveProperty(path, value)

    Expected path: "id"
    Received path: []

    Expected value: 7
    Received value: {"categoria": {"activo": true, "createdAt": "2026-02-04T23:27:57.000Z", "descripcion": "Descripci├│n actualizada", 
"id": 7, "nombre": "Categor├¡a Actualizada", "subcategorias": [{"activo": true, "descripcion": "Descripci├│n subcategor├¡a", "id": 16, 
"nombre": "Subcategor├¡a Test 1770249802801"}], "totalProductos": 0, "updatedAt": "2026-02-05T00:03:22.000Z"}}

    [0m [90m 172 |[39m       expect(response[33m.[39mstatus)[33m.[39mtoBe([35m200[39m)[33m;[39m
     [90m 173 |[39m       expect(response[33m.[39mbody[33m.[39msuccess)[33m.[39mtoBe([36mtrue[39m)[33m;[39m
    [31m[1m>[22m[39m[90m 174 |[39m       
expect(response[33m.[39mbody[33m.[39mdata)[33m.[39mtoHaveProperty([32m'id'[39m[33m,[39m categoriaId)[33m;[39m
     [90m     |[39m                                  [31m[1m^[22m[39m
     [90m 175 |[39m     })[33m;[39m
     [90m 176 |[39m
     [90m 177 |[39m     test([32m'Ô£à Admin debe actualizar una categor├¡a'[39m[33m,[39m [36masync[39m () [33m=>[39m {[0m

      at Object.toHaveProperty (tests/api.test.js:174:34)

  ÔùÅ ­ƒº¬ TESTS DE API E-COMMERCE ÔÇ║ 2´©ÅÔâú  ADMIN - CATEGOR├ìAS ÔÇ║ Ô£à Admin debe actualizar una categor├¡a

    expect(received).toBe(expected) // Object.is equality

    Expected: "Categor├¡a Actualizada"
    Received: undefined

    [0m [90m 186 |[39m       expect(response[33m.[39mstatus)[33m.[39mtoBe([35m200[39m)[33m;[39m
     [90m 187 |[39m       expect(response[33m.[39mbody[33m.[39msuccess)[33m.[39mtoBe([36mtrue[39m)[33m;[39m
    [31m[1m>[22m[39m[90m 188 |[39m       
expect(response[33m.[39mbody[33m.[39mdata[33m.[39mnombre)[33m.[39mtoBe([32m'Categor├¡a Actualizada'[39m)[33m;[39m
     [90m     |[39m                                         [31m[1m^[22m[39m
     [90m 189 |[39m     })[33m;[39m
     [90m 190 |[39m
     [90m 191 |[39m     test([32m'ÔØî Cliente no debe poder crear categor├¡a'[39m[33m,[39m [36masync[39m () [33m=>[39m {[0m

      at Object.toBe (tests/api.test.js:188:41)

  ÔùÅ ­ƒº¬ TESTS DE API E-COMMERCE ÔÇ║ 3´©ÅÔâú  ADMIN - SUBCATEGOR├ìAS ÔÇ║ Ô£à Admin debe actualizar una subcategor├¡a

    expect(received).toBe(expected) // Object.is equality

    Expected: 200
    Received: 400

    [0m [90m 244 |[39m         })[33m;[39m
     [90m 245 |[39m       
    [31m[1m>[22m[39m[90m 246 |[39m       expect(response[33m.[39mstatus)[33m.[39mtoBe([35m200[39m)[33m;[39m
     [90m     |[39m                               [31m[1m^[22m[39m
     [90m 247 |[39m       expect(response[33m.[39mbody[33m.[39msuccess)[33m.[39mtoBe([36mtrue[39m)[33m;[39m
     [90m 248 |[39m     })[33m;[39m
     [90m 249 |[39m   })[33m;[39m[0m

      at Object.toBe (tests/api.test.js:246:31)

  ÔùÅ ­ƒº¬ TESTS DE API E-COMMERCE ÔÇ║ 4´©ÅÔâú  ADMIN - PRODUCTOS ÔÇ║ Ô£à Admin debe crear un producto

    expect(received).toBe(expected) // Object.is equality

    Expected: 201
    Received: 400

    [0m [90m 281 |[39m         })[33m;[39m
     [90m 282 |[39m       
    [31m[1m>[22m[39m[90m 283 |[39m       expect(response[33m.[39mstatus)[33m.[39mtoBe([35m201[39m)[33m;[39m
     [90m     |[39m                               [31m[1m^[22m[39m
     [90m 284 |[39m       expect(response[33m.[39mbody[33m.[39msuccess)[33m.[39mtoBe([36mtrue[39m)[33m;[39m
     [90m 285 |[39m       
expect(response[33m.[39mbody[33m.[39mdata[33m.[39mproducto)[33m.[39mtoHaveProperty([32m'id'[39m)[33m;[39m
     [90m 286 |[39m     })[33m;[39m[0m

      at Object.toBe (tests/api.test.js:283:31)

  ÔùÅ ­ƒº¬ TESTS DE API E-COMMERCE ÔÇ║ 4´©ÅÔâú  ADMIN - PRODUCTOS ÔÇ║ Ô£à Admin debe obtener un producto por ID

    expect(received).toHaveProperty(path, value)

    Expected path: "id"
    Received path: []

    Expected value: 73
    Received value: {"producto": {"activo": true, "categoria": {"activo": true, "id": 5, "nombre": "Libros"}, "categoriaId": 5, 
"createdAt": "2026-02-04T22:41:00.000Z", "descripcion": "Libro interactivo 5-7 a├▒os", "id": 73, "imagen": "producto-default.jpg", 
"nombre": "Aprende a Leer Jugando", "precio": "45000.00", "stock": 55, "subcategoria": {"activo": true, "id": 15, "nombre": 
"Infantil"}, "subcategoriaId": 15, "updatedAt": "2026-02-04T22:41:00.000Z"}}

    [0m [90m 293 |[39m       expect(response[33m.[39mstatus)[33m.[39mtoBe([35m200[39m)[33m;[39m
     [90m 294 |[39m       expect(response[33m.[39mbody[33m.[39msuccess)[33m.[39mtoBe([36mtrue[39m)[33m;[39m
    [31m[1m>[22m[39m[90m 295 |[39m       
expect(response[33m.[39mbody[33m.[39mdata)[33m.[39mtoHaveProperty([32m'id'[39m[33m,[39m productoId)[33m;[39m
     [90m     |[39m                                  [31m[1m^[22m[39m
     [90m 296 |[39m     })[33m;[39m
     [90m 297 |[39m
     [90m 298 |[39m     test([32m'Ô£à Admin debe actualizar un producto'[39m[33m,[39m [36masync[39m () [33m=>[39m {[0m

      at Object.toHaveProperty (tests/api.test.js:295:34)

  ÔùÅ ­ƒº¬ TESTS DE API E-COMMERCE ÔÇ║ 4´©ÅÔâú  ADMIN - PRODUCTOS ÔÇ║ Ô£à Admin debe actualizar stock de producto

    expect(received).toBe(expected) // Object.is equality

    Expected: 200
    Received: 400

    [0m [90m 317 |[39m         })[33m;[39m
     [90m 318 |[39m       
    [31m[1m>[22m[39m[90m 319 |[39m       expect(response[33m.[39mstatus)[33m.[39mtoBe([35m200[39m)[33m;[39m
     [90m     |[39m                               [31m[1m^[22m[39m
     [90m 320 |[39m       expect(response[33m.[39mbody[33m.[39msuccess)[33m.[39mtoBe([36mtrue[39m)[33m;[39m
     [90m 321 |[39m     })[33m;[39m
     [90m 322 |[39m[0m

      at Object.toBe (tests/api.test.js:319:31)

  ÔùÅ ­ƒº¬ TESTS DE API E-COMMERCE ÔÇ║ 4´©ÅÔâú  ADMIN - PRODUCTOS ÔÇ║ Ô£à Admin debe activar/desactivar producto

    expect(received).toBe(expected) // Object.is equality

    Expected: 200
    Received: 404

    [0m [90m 329 |[39m         })[33m;[39m
     [90m 330 |[39m       
    [31m[1m>[22m[39m[90m 331 |[39m       expect(response[33m.[39mstatus)[33m.[39mtoBe([35m200[39m)[33m;[39m
     [90m     |[39m                               [31m[1m^[22m[39m
     [90m 332 |[39m       expect(response[33m.[39mbody[33m.[39msuccess)[33m.[39mtoBe([36mtrue[39m)[33m;[39m
     [90m 333 |[39m     })[33m;[39m
     [90m 334 |[39m   })[33m;[39m[0m

      at Object.toBe (tests/api.test.js:331:31)

  ÔùÅ ­ƒº¬ TESTS DE API E-COMMERCE ÔÇ║ 5´©ÅÔâú  ADMIN - USUARIOS ÔÇ║ Ô£à Admin debe obtener un usuario por ID

    expect(received).toHaveProperty(path)

    Expected path: "id"
    Received path: []

    Received value: {"usuario": {"activo": true, "createdAt": "2026-02-05T00:06:47.000Z", "direccion": "Calle Test 123", "email": 
"test@test.com", "id": 13, "nombre": "Cliente Test", "rol": "cliente", "telefono": "3001234567", "updatedAt": 
"2026-02-05T00:06:47.000Z"}}

    [0m [90m 360 |[39m       expect(response[33m.[39mstatus)[33m.[39mtoBe([35m200[39m)[33m;[39m
     [90m 361 |[39m       expect(response[33m.[39mbody[33m.[39msuccess)[33m.[39mtoBe([36mtrue[39m)[33m;[39m
    [31m[1m>[22m[39m[90m 362 |[39m       
expect(response[33m.[39mbody[33m.[39mdata)[33m.[39mtoHaveProperty([32m'id'[39m)[33m;[39m
     [90m     |[39m                                  [31m[1m^[22m[39m
     [90m 363 |[39m     })[33m;[39m
     [90m 364 |[39m
     [90m 365 |[39m     test([32m'Ô£à Admin debe crear un usuario'[39m[33m,[39m [36masync[39m () [33m=>[39m {[0m

      at Object.toHaveProperty (tests/api.test.js:362:34)

  ÔùÅ ­ƒº¬ TESTS DE API E-COMMERCE ÔÇ║ 5´©ÅÔâú  ADMIN - USUARIOS ÔÇ║ Ô£à Admin debe crear un usuario

    expect(received).toBe(expected) // Object.is equality

    Expected: 201
    Received: 400

    [0m [90m 377 |[39m         })[33m;[39m
     [90m 378 |[39m       
    [31m[1m>[22m[39m[90m 379 |[39m       expect(response[33m.[39mstatus)[33m.[39mtoBe([35m201[39m)[33m;[39m
     [90m     |[39m                               [31m[1m^[22m[39m
     [90m 380 |[39m     })[33m;[39m
     [90m 381 |[39m
     [90m 382 |[39m     test([32m'ÔØî Auxiliar NO debe poder crear usuarios'[39m[33m,[39m [36masync[39m () [33m=>[39m {[0m

      at Object.toBe (tests/api.test.js:379:31)

  ÔùÅ ­ƒº¬ TESTS DE API E-COMMERCE ÔÇ║ 6´©ÅÔâú  CLIENTE - CAT├üLOGO ÔÇ║ Ô£à Cliente debe ver un producto espec├¡fico

    expect(received).toHaveProperty(path)

    Expected path: "id"
    Received path: []

    Received value: {"producto": {"activo": true, "categoria": {"id": 5, "nombre": "Libros"}, "categoriaId": 5, "createdAt": 
"2026-02-04T22:41:00.000Z", "descripcion": "Libro interactivo 5-7 a├▒os", "id": 73, "imagen": "producto-default.jpg", "nombre": 
"Producto Actualizado", "precio": "150000.00", "stock": 55, "subcategoria": {"id": 15, "nombre": "Infantil"}, "subcategoriaId": 15, 
"updatedAt": "2026-02-05T00:06:48.000Z"}}

    [0m [90m 445 |[39m       expect(response[33m.[39mstatus)[33m.[39mtoBe([35m200[39m)[33m;[39m
     [90m 446 |[39m       expect(response[33m.[39mbody[33m.[39msuccess)[33m.[39mtoBe([36mtrue[39m)[33m;[39m
    [31m[1m>[22m[39m[90m 447 |[39m       
expect(response[33m.[39mbody[33m.[39mdata)[33m.[39mtoHaveProperty([32m'id'[39m)[33m;[39m
     [90m     |[39m                                  [31m[1m^[22m[39m
     [90m 448 |[39m     })[33m;[39m
     [90m 449 |[39m
     [90m 450 |[39m     [90m// TODO: Implementar rutas de b├║squeda y filtrado en el backend[39m[0m

      at Object.toHaveProperty (tests/api.test.js:447:34)

  ÔùÅ ­ƒº¬ TESTS DE API E-COMMERCE ÔÇ║ 7´©ÅÔâú  CLIENTE - CARRITO ÔÇ║ Ô£à Cliente debe ver su carrito

    expect(received).toBe(expected) // Object.is equality

    Expected: true
    Received: false

    [0m [90m 489 |[39m       expect(response[33m.[39mstatus)[33m.[39mtoBe([35m200[39m)[33m;[39m
     [90m 490 |[39m       expect(response[33m.[39mbody[33m.[39msuccess)[33m.[39mtoBe([36mtrue[39m)[33m;[39m
    [31m[1m>[22m[39m[90m 491 |[39m       expect([33mArray[39m[33m.[39misArray(response[33m.[39mbody[33m.[39mdata[33m.[3
9mcarrito))[33m.[39mtoBe([36mtrue[39m)[33m;[39m
     [90m     |[39m                                                         [31m[1m^[22m[39m
     [90m 492 |[39m     })[33m;[39m
     [90m 493 |[39m
     [90m 494 |[39m     [90m// TODO: Necesita obtener el ID del item del carrito primero[39m[0m

      at Object.toBe (tests/api.test.js:491:57)

  ÔùÅ ­ƒº¬ TESTS DE API E-COMMERCE ÔÇ║ 8´©ÅÔâú  CLIENTE - PEDIDOS ÔÇ║ Ô£à Cliente debe crear un pedido desde el carrito

    expect(received).toBe(expected) // Object.is equality

    Expected: 201
    Received: 500

    [0m [90m 520 |[39m         })[33m;[39m
     [90m 521 |[39m       
    [31m[1m>[22m[39m[90m 522 |[39m       expect(response[33m.[39mstatus)[33m.[39mtoBe([35m201[39m)[33m;[39m
     [90m     |[39m                               [31m[1m^[22m[39m
     [90m 523 |[39m       expect(response[33m.[39mbody[33m.[39msuccess)[33m.[39mtoBe([36mtrue[39m)[33m;[39m
     [90m 524 |[39m       expect(response[33m.[39mbody[33m.[39mdata)[33m.[39mtoHaveProperty([32m'id'[39m)[33m;[39m
     [90m 525 |[39m       [0m

      at Object.toBe (tests/api.test.js:522:31)

  ÔùÅ ­ƒº¬ TESTS DE API E-COMMERCE ÔÇ║ 8´©ÅÔâú  CLIENTE - PEDIDOS ÔÇ║ Ô£à Cliente debe ver un pedido espec├¡fico

    expect(received).toBe(expected) // Object.is equality

    Expected: 200
    Received: 404

    [0m [90m 542 |[39m         [33m.[39m[36mset[39m([32m'Authorization'[39m[33m,[39m [32m`Bearer 
${clienteToken}`[39m)[33m;[39m
     [90m 543 |[39m       
    [31m[1m>[22m[39m[90m 544 |[39m       expect(response[33m.[39mstatus)[33m.[39mtoBe([35m200[39m)[33m;[39m
     [90m     |[39m                               [31m[1m^[22m[39m
     [90m 545 |[39m       expect(response[33m.[39mbody[33m.[39msuccess)[33m.[39mtoBe([36mtrue[39m)[33m;[39m
     [90m 546 |[39m       expect(response[33m.[39mbody[33m.[39mdata)[33m.[39mtoHaveProperty([32m'id'[39m[33m,[39m 
pedidoId)[33m;[39m
     [90m 547 |[39m     })[33m;[39m[0m

      at Object.toBe (tests/api.test.js:544:31)

  ÔùÅ ­ƒº¬ TESTS DE API E-COMMERCE ÔÇ║ 8´©ÅÔâú  CLIENTE - PEDIDOS ÔÇ║ Ô£à Cliente debe cancelar su pedido

    expect(received).toBe(expected) // Object.is equality

    Expected: 200
    Received: 404

    [0m [90m 552 |[39m         [33m.[39m[36mset[39m([32m'Authorization'[39m[33m,[39m [32m`Bearer 
${clienteToken}`[39m)[33m;[39m
     [90m 553 |[39m       
    [31m[1m>[22m[39m[90m 554 |[39m       expect(response[33m.[39mstatus)[33m.[39mtoBe([35m200[39m)[33m;[39m
     [90m     |[39m                               [31m[1m^[22m[39m
     [90m 555 |[39m       expect(response[33m.[39mbody[33m.[39msuccess)[33m.[39mtoBe([36mtrue[39m)[33m;[39m
     [90m 556 |[39m     })[33m;[39m
     [90m 557 |[39m   })[33m;[39m[0m

      at Object.toBe (tests/api.test.js:554:31)

  ÔùÅ ­ƒº¬ TESTS DE API E-COMMERCE ÔÇ║ 9´©ÅÔâú  ADMIN - GESTI├ôN DE PEDIDOS ÔÇ║ Ô£à Admin debe filtrar pedidos por estado

    expect(received).toBe(expected) // Object.is equality

    Expected: 200
    Received: 404

    [0m [90m 577 |[39m         [33m.[39m[36mset[39m([32m'Authorization'[39m[33m,[39m [32m`Bearer 
${adminToken}`[39m)[33m;[39m
     [90m 578 |[39m       
    [31m[1m>[22m[39m[90m 579 |[39m       expect(response[33m.[39mstatus)[33m.[39mtoBe([35m200[39m)[33m;[39m
     [90m     |[39m                               [31m[1m^[22m[39m
     [90m 580 |[39m       expect(response[33m.[39mbody[33m.[39msuccess)[33m.[39mtoBe([36mtrue[39m)[33m;[39m
     [90m 581 |[39m     })[33m;[39m
     [90m 582 |[39m[0m

      at Object.toBe (tests/api.test.js:579:31)

  ÔùÅ ­ƒº¬ TESTS DE API E-COMMERCE ÔÇ║ 9´©ÅÔâú  ADMIN - GESTI├ôN DE PEDIDOS ÔÇ║ Ô£à Admin debe obtener un pedido por ID

    expect(received).toBe(expected) // Object.is equality

    Expected: 200
    Received: 404

    [0m [90m 586 |[39m         [33m.[39m[36mset[39m([32m'Authorization'[39m[33m,[39m [32m`Bearer 
${adminToken}`[39m)[33m;[39m
     [90m 587 |[39m       
    [31m[1m>[22m[39m[90m 588 |[39m       expect(response[33m.[39mstatus)[33m.[39mtoBe([35m200[39m)[33m;[39m
     [90m     |[39m                               [31m[1m^[22m[39m
     [90m 589 |[39m       expect(response[33m.[39mbody[33m.[39msuccess)[33m.[39mtoBe([36mtrue[39m)[33m;[39m
     [90m 590 |[39m     })[33m;[39m
     [90m 591 |[39m[0m

      at Object.toBe (tests/api.test.js:588:31)

  ÔùÅ ­ƒº¬ TESTS DE API E-COMMERCE ÔÇ║ 9´©ÅÔâú  ADMIN - GESTI├ôN DE PEDIDOS ÔÇ║ Ô£à Admin debe actualizar estado de pedido

    expect(received).toBe(expected) // Object.is equality

    Expected: 200
    Received: 404

    [0m [90m 598 |[39m         })[33m;[39m
     [90m 599 |[39m       
    [31m[1m>[22m[39m[90m 600 |[39m       expect(response[33m.[39mstatus)[33m.[39mtoBe([35m200[39m)[33m;[39m
     [90m     |[39m                               [31m[1m^[22m[39m
     [90m 601 |[39m       expect(response[33m.[39mbody[33m.[39msuccess)[33m.[39mtoBe([36mtrue[39m)[33m;[39m
     [90m 602 |[39m     })[33m;[39m
     [90m 603 |[39m   })[33m;[39m[0m

      at Object.toBe (tests/api.test.js:600:31)

  ÔùÅ ­ƒº¬ TESTS DE API E-COMMERCE ÔÇ║ ­ƒùæ´©Å  LIMPIEZA - ELIMINACIONES ÔÇ║ Ô£à Admin debe eliminar subcategor├¡a

    expect(received).toBe(expected) // Object.is equality

    Expected: 200
    Received: 400

    [0m [90m 684 |[39m         [33m.[39m[36mset[39m([32m'Authorization'[39m[33m,[39m [32m`Bearer 
${adminToken}`[39m)[33m;[39m
     [90m 685 |[39m       
    [31m[1m>[22m[39m[90m 686 |[39m       expect(response[33m.[39mstatus)[33m.[39mtoBe([35m200[39m)[33m;[39m
     [90m     |[39m                               [31m[1m^[22m[39m
     [90m 687 |[39m       expect(response[33m.[39mbody[33m.[39msuccess)[33m.[39mtoBe([36mtrue[39m)[33m;[39m
     [90m 688 |[39m     })[33m;[39m
     [90m 689 |[39m[0m

      at Object.toBe (tests/api.test.js:686:31)

  ÔùÅ ­ƒº¬ TESTS DE API E-COMMERCE ÔÇ║ ­ƒùæ´©Å  LIMPIEZA - ELIMINACIONES ÔÇ║ Ô£à Admin debe eliminar categor├¡a

    expect(received).toBe(expected) // Object.is equality

    Expected: 200
    Received: 400

    [0m [90m 693 |[39m         [33m.[39m[36mset[39m([32m'Authorization'[39m[33m,[39m [32m`Bearer 
${adminToken}`[39m)[33m;[39m
     [90m 694 |[39m       
    [31m[1m>[22m[39m[90m 695 |[39m       expect(response[33m.[39mstatus)[33m.[39mtoBe([35m200[39m)[33m;[39m
     [90m     |[39m                               [31m[1m^[22m[39m
     [90m 696 |[39m       expect(response[33m.[39mbody[33m.[39msuccess)[33m.[39mtoBe([36mtrue[39m)[33m;[39m
     [90m 697 |[39m     })[33m;[39m
     [90m 698 |[39m   })[33m;[39m[0m

      at Object.toBe (tests/api.test.js:695:31)

-----------------------------|---------|----------|---------|---------|-------------------------------------------------------------------------------------------------------------------------------
File                         | % Stmts | % Branch | % Funcs | % Lines | Uncovered Line #s                                                                                                             
-----------------------------|---------|----------|---------|---------|-------------------------------------------------------------------------------------------------------------------------------
All files                    |   46.14 |    34.06 |   53.42 |   47.31 |                                                                                                                               
 controllers                 |   42.98 |    35.02 |   56.25 |   44.26 |                                                                                                                               
  auth.controller.js         |   44.18 |     37.5 |      60 |   46.34 | 33,42,50,60,101-102,129,150,161,189-190,219,234-235,257-292,314-366                                                           
  carrito.controller.js      |   40.25 |    26.08 |   57.14 |   40.25 | 70-71,94,103,113,120,136-158,169,202-203,221-277,294-323,340-356                                                              
  catalogo.controller.js     |   59.21 |    48.14 |   85.71 |    62.5 | 58,66-68,75-82,129-130,173,188-189,244-245,272,319-320,338-375                                                                
  categoria.controller.js    |   45.61 |       35 |      50 |   44.64 | 36,41,61-62,99,119-120,143,155,178-189,215,223-228,252-262,283-327,354,374-397,420-496                                        
  pedido.controller.js       |   47.51 |    48.78 |    62.5 |   48.55 | 37-38,47-48,66-67,82-83,88-91,100-101,119-170,244-245,314-323,375-408,476-477,497-546,563-609                                 
  producto.controller.js     |   42.19 |    31.14 |   66.66 |   43.55 | 56-57,104-105,142,157-158,188,197,203,212,218,231-297,324,332-334,342-352,361,367,376-384,416-436,453-478,502,517-518,547-605 
  subcategoria.controller.js |   38.75 |    36.66 |      40 |   40.32 | 41,46,66-67,84-125,148,158,167,179,212-222,248,256-266,293-329,349-386,412,432-442,459-528                                    
  usuario.controller.js      |   29.41 |    26.41 |    37.5 |   31.57 | 37-38,72-73,98,112-113,136,144,160-190,208-248,265-298,315-344,361-385                                                        
 middleware                  |   33.98 |       25 |   33.33 |   33.98 |                                                                                                                               
  auth.js                    |    40.9 |    31.25 |      50 |    40.9 | 46,57,69,77,91-92,109-146                                                                                                     
  checkRole.js               |   28.81 |    21.42 |   28.57 |   28.81 | 23-45,67-89,110-133,156-186,210,225-226,246,261-262                                                                           
 routes                      |     100 |      100 |     100 |     100 |                                                                                                                               
  admin.routes.js            |     100 |      100 |     100 |     100 |                                                                                                                               
  auth.routes.js             |     100 |      100 |     100 |     100 |                                                                                                                               
  cliente.routes.js          |     100 |      100 |     100 |     100 |                                                                                                                               
-----------------------------|---------|----------|---------|---------|-------------------------------------------------------------------------------------------------------------------------------
Test Suites: 1 failed, 1 total
Tests:       19 failed, 30 passed, 49 total
Snapshots:   0 total
Time:        5.129 s, estimated 6 s
Ran all test suites.
